Adeeb Lake -> Keeley Sharpe -> Amalie Farley -> Louisa Gaines -> Ismail Burrows -> Jayden-James Mccullough -> Diesel Byrne -> Waqar Braun -> Faizaan Gross -> Simeon Hooper
