Ayva Weeks -> Adelina Roberson -> Kenzo Leblanc -> Philippa Hayes -> Laaibah Tyler
Ayva Weeks -> Adelina Roberson -> Kenzo Leblanc -> Laaibah Tyler
Ayva Weeks -> Adelina Roberson -> Kenzo Leblanc -> Philippa Hayes -> Laaibah Tyler
Ayva Weeks -> Dolcie Powers -> Amelia-Mae Leon -> Kenzo Leblanc -> Emmanuella Bishop -> Adelina Roberson -> Philippa Hayes -> Laaibah Tyler -> Bobby Mcleod
Ayva Weeks -> Adelina Roberson -> Kenzo Leblanc -> Philippa Hayes -> Laaibah Tyler -> Bobby Mcleod
