Adeeb Lake -> Keeley Sharpe -> Amalie Farley -> Louisa Gaines -> Ismail Burrows -> Jayden-James Mccullough -> Diesel Byrne -> Waqar Braun -> Faizaan Gross -> Simeon Hooper
Ismail Burrows -> Amalie Farley -> Faizaan Gross -> Keeley Sharpe -> Adeeb Lake -> Diesel Byrne -> Simeon Hooper -> Jayden-James Mccullough -> Louisa Gaines -> Waqar Braun
